
> mini-crm@0.1.0 test
> jest --runInBand --verbose

2026-01-05T21:03:26.087Z [error] Error creating order
2026-01-05T21:03:26.147Z [error] Error creating order
2026-01-05T21:03:26.202Z [error] Error creating order
2026-01-05T21:03:26.427Z [error] Error getting order
2026-01-05T21:03:26.560Z [error] Error updating order status
2026-01-05T21:03:26.701Z [error] Error creating order
node.exe : FAIL tests/orders.test.js
At line:1 char:1
+ & "C:\Program Files\nodejs/node.exe" "C:\Program Files\nodejs/node_mo ...
+ ~~~~~~~~~~~~~~~~~~~~~~~~~~~~~~~~~~~~~~~~~~~~~~~~~~~~~~~~~~~~~~~~~~~~~
    + CategoryInfo          : NotSpecified: (FAIL tests/orders.test.js:String) [], RemoteException
    + FullyQualifiedErrorId : NativeCommandError
 
  Orders API
    GET /api/orders
      ÔêÜ returns empty array when no orders exist (82 ms)
      ÔêÜ returns list of orders (81 ms)
    POST /api/orders
      ├ù creates order for registered customer (70 ms)
      ├ù creates guest order without customerId (52 ms)
      ÔêÜ rejects order without customerId and guest info (54 ms)
      ÔêÜ creates order with products (98 ms)
    GET /api/orders/:id
      ÔêÜ returns order by id (67 ms)
      ÔêÜ returns 404 for non-existent order (60 ms)
    PUT /api/orders/:id/status
      ÔêÜ updates order status (70 ms)
      ÔêÜ rejects invalid status (64 ms)
    DELETE /api/orders/:id
      ├ù deletes order (73 ms)
    Stock Validation
      ├ù checks stock availability before creating order (67 ms)
      ÔêÜ decreases product stock when order is created (91 ms)

  ÔùÅ Orders API ÔÇ║ POST /api/orders ÔÇ║ creates order for registered customer

    expect(received).toBe(expected) // Object.is equality

    Expected: 201
    Received: 400

    [0m [90m 50 |[39m         })[33m;[39m
     [90m 51 |[39m
    [31m[1m>[22m[39m[90m 52 |[39m       expect(res[33m.[39mstatusCode)[33m.[39mtoBe([35m201[39m)[33m;[39m
     [90m    |[39m                              [31m[1m^[22m[39m
     [90m 53 |[39m       expect(res[33m.[39mbody[33m.[39mid)[33m.[39mtoBeDefined()[33m;[39m
     [90m 54 |[39m       expect(res[33m.[39mbody[33m.[39mcustomerId)[33m.[39mtoBe(customer[33m.[39mid)[33m;[39m
     [90m 55 |[39m       expect(res[33m.[39mbody[33m.[39mtotalAmount)[33m.[39mtoBe([35m150[39m)[33m;[39m[0m

      at Object.toBe (tests/orders.test.js:52:30)

  ÔùÅ Orders API ÔÇ║ POST /api/orders ÔÇ║ creates guest order without customerId

    expect(received).toBe(expected) // Object.is equality

    Expected: 201
    Received: 400

    [0m [90m 67 |[39m         })[33m;[39m
     [90m 68 |[39m
    [31m[1m>[22m[39m[90m 69 |[39m       expect(res[33m.[39mstatusCode)[33m.[39mtoBe([35m201[39m)[33m;[39m
     [90m    |[39m                              [31m[1m^[22m[39m
     [90m 70 |[39m       expect(res[33m.[39mbody[33m.[39mid)[33m.[39mtoBeDefined()[33m;[39m
     [90m 71 |[39m       expect(res[33m.[39mbody[33m.[39mcustomerId)[33m.[39mtoBeNull()[33m;[39m
     [90m 72 |[39m     })[33m;[39m[0m

      at Object.toBe (tests/orders.test.js:69:30)

  ÔùÅ Orders API ÔÇ║ DELETE /api/orders/:id ÔÇ║ deletes order

    expect(received).toBe(expected) // Object.is equality

    Expected: 204
    Received: 200

    [0m [90m 155 |[39m
     [90m 156 |[39m       [36mconst[39m res [33m=[39m [36mawait[39m request(app)[33m.[39m[36mdelete[39m([32m`/api/orders/${order.id}`[39m)[33m;
[39m
    [31m[1m>[22m[39m[90m 157 |[39m       expect(res[33m.[39mstatusCode)[33m.[39mtoBe([35m204[39m)[33m;[39m
     [90m     |[39m                              [31m[1m^[22m[39m
     [90m 158 |[39m
     [90m 159 |[39m       [90m// Verify order is deleted[39m
     [90m 160 |[39m       [36mconst[39m getRes [33m=[39m [36mawait[39m request(app)[33m.[39m[36mget[39m([32m`/api/orders/${order.id}`[39m)[33m;
[39m[0m

      at Object.toBe (tests/orders.test.js:157:30)

  ÔùÅ Orders API ÔÇ║ Stock Validation ÔÇ║ checks stock availability before creating order

    expect(received).toBe(expected) // Object.is equality

    Expected: 400
    Received: 409

    [0m [90m 183 |[39m         })[33m;[39m
     [90m 184 |[39m
    [31m[1m>[22m[39m[90m 185 |[39m       expect(res[33m.[39mstatusCode)[33m.[39mtoBe([35m400[39m)[33m;[39m
     [90m     |[39m                              [31m[1m^[22m[39m
     [90m 186 |[39m     })[33m;[39m
     [90m 187 |[39m
     [90m 188 |[39m     test([32m'decreases product stock when order is created'[39m[33m,[39m [36masync[39m () [33m=>[39m {[0m

      at Object.toBe (tests/orders.test.js:185:30)

2026-01-05T21:03:27.549Z [error] Error creating customer
2026-01-05T21:03:27.612Z [error] Error creating customer
2026-01-05T21:03:27.809Z [error] Error getting customer
2026-01-05T21:03:27.929Z [error] Error updating customer
2026-01-05T21:03:28.046Z [error] Error deleting customer
FAIL tests/customers.test.js
  Customers API
    GET /api/customers
      ÔêÜ returns empty array when no customers exist (66 ms)
      ÔêÜ returns list of customers (100 ms)
    POST /api/customers
      ÔêÜ creates customer with valid data (96 ms)
      ÔêÜ rejects customer without firstName (52 ms)
      ÔêÜ detects duplicate customer by phone (63 ms)
      ├ù detects duplicate customer by email (78 ms)
    GET /api/customers/:id
      ÔêÜ returns customer by id (61 ms)
      ÔêÜ returns 404 for non-existent customer (54 ms)
    PUT /api/customers/:id
      ÔêÜ updates customer (64 ms)
      ÔêÜ returns 404 for non-existent customer (54 ms)
    DELETE /api/customers/:id
      ├ù deletes customer (62 ms)
      ÔêÜ returns 404 for non-existent customer (54 ms)

  ÔùÅ Customers API ÔÇ║ POST /api/customers ÔÇ║ detects duplicate customer by email

    expect(received).toBe(expected) // Object.is equality

    Expected: 409
    Received: 201

    [0m [90m 101 |[39m         })[33m;[39m
     [90m 102 |[39m
    [31m[1m>[22m[39m[90m 103 |[39m       expect(res[33m.[39mstatusCode)[33m.[39mtoBe([35m409[39m)[33m;[39m
     [90m     |[39m                              [31m[1m^[22m[39m
     [90m 104 |[39m     })[33m;[39m
     [90m 105 |[39m   })[33m;[39m
     [90m 106 |[39m[0m

      at Object.toBe (tests/customers.test.js:103:30)

  ÔùÅ Customers API ÔÇ║ DELETE /api/customers/:id ÔÇ║ deletes customer

    expect(received).toBe(expected) // Object.is equality

    Expected: 204
    Received: 200

    [0m [90m 148 |[39m
     [90m 149 |[39m       [36mconst[39m res [33m=[39m [36mawait[39m request(app)[33m.[39m[36mdelete[39m([32m`/api/customers/${customer.id}`[39m)
[33m;[39m
    [31m[1m>[22m[39m[90m 150 |[39m       expect(res[33m.[39mstatusCode)[33m.[39mtoBe([35m204[39m)[33m;[39m
     [90m     |[39m                              [31m[1m^[22m[39m
     [90m 151 |[39m
     [90m 152 |[39m       [90m// Verify customer is deleted[39m
     [90m 153 |[39m       [36mconst[39m getRes [33m=[39m [36mawait[39m request(app)[33m.[39m[36mget[39m([32m`/api/customers/${customer.id}`[39m)
[33m;[39m[0m

      at Object.toBe (tests/customers.test.js:150:30)

2026-01-05T21:03:28.662Z [error] Error creating product
2026-01-05T21:03:28.852Z [error] Error getting product
FAIL tests/products.test.js
  Products API
    GET /api/products
      ÔêÜ returns empty array when no products exist (57 ms)
      ÔêÜ returns list of products (65 ms)
    POST /api/products
      ├ù creates product with valid data (61 ms)
      ÔêÜ rejects product without name (58 ms)
      ÔêÜ creates product with minimum required fields (66 ms)
    GET /api/products/:id
      ÔêÜ returns product by id (66 ms)
      ÔêÜ returns 404 for non-existent product (56 ms)
    PUT /api/products/:id
      ÔêÜ updates product (68 ms)
    DELETE /api/products/:id
      ├ù deletes product (69 ms)
    Stock Management
      ├ù decreases stock when updating product (70 ms)
      ├ù rejects decrease-stock if insufficient stock (75 ms)

  ÔùÅ Products API ÔÇ║ POST /api/products ÔÇ║ creates product with valid data

    expect(received).toBe(expected) // Object.is equality

    Expected: 99.99
    Received: "99.99"

    [0m [90m 54 |[39m       expect(res[33m.[39mbody[33m.[39mid)[33m.[39mtoBeDefined()[33m;[39m
     [90m 55 |[39m       expect(res[33m.[39mbody[33m.[39mname)[33m.[39mtoBe([32m'Test Product'[39m)[33m;[39m
    [31m[1m>[22m[39m[90m 56 |[39m       expect(res[33m.[39mbody[33m.[39mprice)[33m.[39mtoBe([35m99.99[39m)[33m;[39m
     [90m    |[39m                              [31m[1m^[22m[39m
     [90m 57 |[39m       expect(res[33m.[39mbody[33m.[39mstock)[33m.[39mtoBe([35m50[39m)[33m;[39m
     [90m 58 |[39m     })[33m;[39m
     [90m 59 |[39m[0m

      at Object.toBe (tests/products.test.js:56:30)

  ÔùÅ Products API ÔÇ║ DELETE /api/products/:id ÔÇ║ deletes product

    expect(received).toBe(expected) // Object.is equality

    Expected: 204
    Received: 200

    [0m [90m 117 |[39m
     [90m 118 |[39m       [36mconst[39m res [33m=[39m [36mawait[39m request(app)[33m.[39m[36mdelete[39m([32m`/api/products/${product.id}`[39m)[3
3m;[39m
    [31m[1m>[22m[39m[90m 119 |[39m       expect(res[33m.[39mstatusCode)[33m.[39mtoBe([35m204[39m)[33m;[39m
     [90m     |[39m                              [31m[1m^[22m[39m
     [90m 120 |[39m
     [90m 121 |[39m       [90m// Verify product is deleted[39m
     [90m 122 |[39m       [36mconst[39m getRes [33m=[39m [36mawait[39m request(app)[33m.[39m[36mget[39m([32m`/api/products/${product.id}`[39m)[3
3m;[39m[0m

      at Object.toBe (tests/products.test.js:119:30)

  ÔùÅ Products API ÔÇ║ Stock Management ÔÇ║ decreases stock when updating product

    expect(received).toBe(expected) // Object.is equality

    Expected: 200
    Received: 404

    [0m [90m 133 |[39m         [33m.[39msend({ quantity[33m:[39m [35m10[39m })[33m;[39m
     [90m 134 |[39m
    [31m[1m>[22m[39m[90m 135 |[39m       expect(res[33m.[39mstatusCode)[33m.[39mtoBe([35m200[39m)[33m;[39m
     [90m     |[39m                              [31m[1m^[22m[39m
     [90m 136 |[39m       expect(res[33m.[39mbody[33m.[39mstock)[33m.[39mtoBe([35m40[39m)[33m;[39m
     [90m 137 |[39m     })[33m;[39m
     [90m 138 |[39m[0m

      at Object.toBe (tests/products.test.js:135:30)

  ÔùÅ Products API ÔÇ║ Stock Management ÔÇ║ rejects decrease-stock if insufficient stock

    expect(received).toBe(expected) // Object.is equality

    Expected: 400
    Received: 404

    [0m [90m 144 |[39m         [33m.[39msend({ quantity[33m:[39m [35m10[39m })[33m;[39m
     [90m 145 |[39m
    [31m[1m>[22m[39m[90m 146 |[39m       expect(res[33m.[39mstatusCode)[33m.[39mtoBe([35m400[39m)[33m;[39m
     [90m     |[39m                              [31m[1m^[22m[39m
     [90m 147 |[39m     })[33m;[39m
     [90m 148 |[39m   })[33m;[39m
     [90m 149 |[39m })[33m;[39m[0m

      at Object.toBe (tests/products.test.js:146:30)

PASS tests/etl-cleaners.test.js
  ETL Cleaners
    normalizePhone
      ÔêÜ removes formatting characters (1 ms)
      ÔêÜ handles +90 prefix (1 ms)
      ÔêÜ handles 90 prefix without +
      ÔêÜ handles leading 0 (1 ms)
      ÔêÜ returns null for empty input
      ÔêÜ returns last 10 digits for long numbers
      ÔêÜ handles various phone formats
    validateEmail
      ÔêÜ validates correct email
      ÔêÜ handles case insensitivity (1 ms)
      ÔêÜ trims whitespace
      ÔêÜ rejects invalid email without @
      ÔêÜ rejects invalid email without domain
      ÔêÜ accepts email with multiple @ symbols but simple structure
      ÔêÜ rejects empty email
      ÔêÜ validates emails with subdomains (1 ms)
    splitName
      ÔêÜ splits full name into first and last (1 ms)
      ÔêÜ handles multiple last names
      ÔêÜ handles single name
      ÔêÜ handles Turkish names with special characters (1 ms)
      ÔêÜ trims whitespace
      ÔêÜ normalizes multiple spaces
      ÔêÜ returns null for empty input
    normalizeName
      ÔêÜ trims whitespace (1 ms)
      ÔêÜ normalizes multiple spaces
      ÔêÜ preserves case
      ÔêÜ handles Turkish characters (1 ms)
      ÔêÜ returns null for empty input

Test Suites: 3 failed, 1 passed, 4 total
Tests:       10 failed, 53 passed, 63 total
Snapshots:   0 total
Time:        4.944 s, estimated 5 s
Ran all test suites.
